Initializing BinderDesignSystem...
loaded binder config
Starting system
Started system
Running matt mode
Setting research goal
Session created: d700b758-b750-43c7-9678-e6cbffa7a7f3
Generating protein hypothesis
{'cwd': PosixPath('/lus/flare/projects/FoundEpidem/msinclair/github/StructBioReasoner/data'), 'target_sequence': 'MSTGEELQK', 'binder_sequence': 'MKQHKAMIVALIVICITAVVAALVTRKDLCEVHIRTGQTEVAVF', 'device': 'xpu:0', 'n_rounds': 3, 'if_kwargs': {'num_seq': 25, 'batch_size': 250, 'max_retries': 5, 'sampling_temp': '0.1', 'model_name': 'v_48_020', 'model_weights': 'soluble_model_weights', 'proteinmpnn_path': PosixPath('/lus/flare/projects/FoundEpidem/msinclair/pkgs/ProteinMPNN')}, 'qc_kwargs': {'max_repeat': 4, 'max_appearance_ratio': 0.33, 'max_charge': 5, 'max_charge_ratio': 0.5, 'max_hydrophobic_ratio': 0.8, 'min_diversity': 8, 'bad_motifs': None, 'bad_n_termini': None}}
Error: name 'nseqs' is not defined
06 18:39:51,937 - jnana.protognosis.utils.jnana_adapter - WARNING - Error converting model config, using defaults: 'UnifiedModelManager' object has no attribute 'get_default_config'
2025-11-06 18:39:51,937 - CoScientist - INFO - Created LLM configuration with default provider: openai
2025-11-06 18:39:51,939 - root - INFO - Loaded memory from data/jnana.db with 34 hypotheses
2025-11-06 18:39:51,939 - CoScientist - INFO - Created context memory with persistence
2025-11-06 18:39:51,956 - CoScientist - INFO - Created new LLM instance: openai (gpt-4o)
2025-11-06 18:39:51,956 - SupervisorAgent - INFO - Registered agent generation-0 of type generation
2025-11-06 18:39:51,969 - root - INFO - Saved memory to data/jnana.db
2025-11-06 18:39:51,969 - CoScientist - INFO - Initialized state for agent generation-0 (generation)
2025-11-06 18:39:51,969 - SupervisorAgent - INFO - Registered agent generation-1 of type generation
2025-11-06 18:39:51,982 - root - INFO - Saved memory to data/jnana.db
2025-11-06 18:39:51,982 - CoScientist - INFO - Initialized state for agent generation-1 (generation)
2025-11-06 18:39:51,982 - SupervisorAgent - INFO - Registered agent generation-2 of type generation
2025-11-06 18:39:51,995 - root - INFO - Saved memory to data/jnana.db
2025-11-06 18:39:51,995 - CoScientist - INFO - Initialized state for agent generation-2 (generation)
2025-11-06 18:39:51,995 - SupervisorAgent - INFO - Registered agent generation-3 of type generation
2025-11-06 18:39:52,009 - root - INFO - Saved memory to data/jnana.db
2025-11-06 18:39:52,009 - CoScientist - INFO - Initialized state for agent generation-3 (generation)
2025-11-06 18:39:52,009 - SupervisorAgent - INFO - Registered agent generation-4 of type generation
2025-11-06 18:39:52,022 - root - INFO - Saved memory to data/jnana.db
2025-11-06 18:39:52,022 - CoScientist - INFO - Initialized state for agent generation-4 (generation)
2025-11-06 18:39:52,022 - SupervisorAgent - INFO - Registered agent reflection-0 of type reflection
2025-11-06 18:39:52,035 - root - INFO - Saved memory to data/jnana.db
2025-11-06 18:39:52,035 - CoScientist - INFO - Initialized state for agent reflection-0 (reflection)
2025-11-06 18:39:52,035 - SupervisorAgent - INFO - Registered agent reflection-1 of type reflection
2025-11-06 18:39:52,048 - root - INFO - Saved memory to data/jnana.db
2025-11-06 18:39:52,048 - CoScientist - INFO - Initialized state for agent reflection-1 (reflection)
2025-11-06 18:39:52,048 - SupervisorAgent - INFO - Registered agent ranking-0 of type ranking
2025-11-06 18:39:52,061 - root - INFO - Saved memory to data/jnana.db
2025-11-06 18:39:52,061 - CoScientist - INFO - Initialized state for agent ranking-0 (ranking)
2025-11-06 18:39:52,061 - SupervisorAgent - INFO - Registered agent evolution-0 of type evolution
2025-11-06 18:39:52,086 - root - INFO - Saved memory to data/jnana.db
2025-11-06 18:39:52,086 - CoScientist - INFO - Initialized state for agent evolution-0 (evolution)
2025-11-06 18:39:52,086 - SupervisorAgent - INFO - Registered agent proximity-0 of type proximity
2025-11-06 18:39:52,108 - root - INFO - Saved memory to data/jnana.db
2025-11-06 18:39:52,108 - CoScientist - INFO - Initialized state for agent proximity-0 (proximity)
2025-11-06 18:39:52,108 - SupervisorAgent - INFO - Registered agent meta-review-0 of type meta-review
2025-11-06 18:39:52,124 - root - INFO - Saved memory to data/jnana.db
2025-11-06 18:39:52,124 - CoScientist - INFO - Initialized state for agent meta-review-0 (meta-review)
2025-11-06 18:39:52,124 - CoScientist - INFO - Created and registered all specialized agents
2025-11-06 18:39:52,125 - CoScientist - INFO - Co-Scientist system initialized and ready
2025-11-06 18:39:52,125 - Worker-0 - INFO - Worker 0 started
2025-11-06 18:39:52,125 - Worker-1 - INFO - Worker 1 started
2025-11-06 18:39:52,125 - Worker-2 - INFO - Worker 2 started
2025-11-06 18:39:52,126 - Worker-3 - INFO - Worker 3 started
2025-11-06 18:39:52,126 - SupervisorAgent - INFO - Supervisor started with 4 workers
2025-11-06 18:39:52,126 - CoScientist - INFO - Co-Scientist system started
2025-11-06 18:39:52,126 - jnana.protognosis.utils.jnana_adapter - INFO - ProtoGnosis initialized and started successfully
2025-11-06 18:39:52,126 - jnana.core.jnana_system - INFO - Jnana system started
2025-11-06 18:39:52,126 - jnana.core.jnana_system - INFO - Initializing protein agents...
2025-11-06 18:39:52,126 - struct_bio_reasoner.agents.computational_design.bindcraft_agent - INFO - BindCraft agent using: chai,{'num_seq': 25, 'batch_size': 250, 'max_retries': 5, 'sampling_temp': '0.1'}
2025-11-06 18:39:52,126 - jnana.core.jnana_system - INFO - BindCraft agent initialized
2025-11-06 18:39:52,126 - MDAgentAdapter - INFO - Base agent mdagentadapter_c8f067a2 initialized
2025-11-06 18:39:52,126 - MDAgentAdapter - INFO - MDAgentAdapter initialized with implicit solvent
2025-11-06 18:39:52,126 - jnana.core.jnana_system - INFO - MD agent initialized
2025-11-06 18:39:52,126 - jnana.core.jnana_system - INFO - Initialized 2 protein agents
2025-11-06 18:39:52,126 - jnana.core.jnana_system - INFO - Initializing protein knowledge foundation...
2025-11-06 18:39:52,126 - struct_bio_reasoner.core.knowledge_foundation - INFO - Initializing protein knowledge foundation...
2025-11-06 18:39:52,126 - struct_bio_reasoner.core.knowledge_foundation - INFO - Database manager initialization - placeholder
2025-11-06 18:39:52,126 - struct_bio_reasoner.core.knowledge_foundation - INFO - Literature processor initialization - placeholder
2025-11-06 18:39:52,127 - struct_bio_reasoner.core.knowledge_foundation - INFO - Protein knowledge foundation initialized successfully
2025-11-06 18:39:52,127 - jnana.core.jnana_system - INFO - Protein knowledge foundation initialized
2025-11-06 18:39:52,127 - jnana.core.jnana_system - INFO - BinderDesignSystem started successfully
2025-11-06 18:39:52,143 - jnana.core.session_manager - INFO - Created new session: d700b758-b750-43c7-9678-e6cbffa7a7f3
2025-11-06 18:39:52,143 - jnana.core.jnana_system - INFO - Research goal set: Design binders for target protein...
2025-11-06 18:39:52,143 - jnana.core.jnana_system - INFO - Generating protein hypothesis with strategy: research_expansion
2025-11-06 18:39:52,143 - jnana.core.jnana_system - INFO - Attemptin to generate single hypothesis
2025-11-06 18:39:52,143 - jnana.core.jnana_system - INFO - Generating single hypothesis with strategy: research_expansion
2025-11-06 18:39:52,143 - jnana.protognosis.utils.jnana_adapter - INFO - Generating 1 hypotheses for: Design binders for target protein...
2025-11-06 18:39:52,143 - CoScientist - INFO - Setting research goal: Design binders for target protein...
2025-11-06 18:39:52,143 - SupervisorAgent - INFO - Parsing research goal: Design binders for target protein...
2025-11-06 18:39:57,065 - httpx - INFO - HTTP Request: POST https://api.openai.com/v1/chat/completions "HTTP/1.1 200 OK"
2025-11-06 18:39:57,114 - SupervisorAgent - ERROR - Error parsing research goal: 'tuple' object does not support item assignment
2025-11-06 18:39:57,137 - root - INFO - Saved memory to data/jnana.db
2025-11-06 18:39:57,137 - CoScientist - INFO - Research goal set and parsed
2025-11-06 18:39:57,137 - CoScientist - INFO - Scheduling generation of 1 hypotheses
2025-11-06 18:39:57,138 - SupervisorAgent - INFO - Added task b75f9ae5-7f68-4507-aebe-62b46fea5895 of type generate_hypothesis to queue
2025-11-06 18:39:57,138 - Worker-1 - INFO - Processing task b75f9ae5-7f68-4507-aebe-62b46fea5895 of type generate_hypothesis
2025-11-06 18:39:57,138 - Worker-1 - INFO - 🔥 CALLING agent.execute_task for generation-1
2025-11-06 18:39:57,138 - Agent-generation-generation-1 - INFO - Generating hypothesis for task b75f9ae5-7f68-4507-aebe-62b46fea5895
2025-11-06 18:40:07,548 - httpx - INFO - HTTP Request: POST https://api.openai.com/v1/chat/completions "HTTP/1.1 200 OK"
2025-11-06 18:40:07,660 - root - INFO - Saved memory to data/jnana.db
2025-11-06 18:40:07,660 - Agent-generation-generation-1 - INFO - Updating agent state for generation-1
2025-11-06 18:40:07,660 - Agent-generation-generation-1 - INFO - Current agent state: {'agent_id': 'generation-1', 'agent_type': 'generation', 'created_at': 1762454391.969627, 'last_activity': 1762454391.969627, 'total_tasks_completed': 0, 'status': 'active', 'hypotheses_generated': 0, 'strategies_used': [], 'last_strategy': None}
2025-11-06 18:40:07,660 - Agent-generation-generation-1 - INFO - Updated agent state: {'agent_id': 'generation-1', 'agent_type': 'generation', 'created_at': 1762454391.969627, 'last_activity': 1762454407.6608577, 'total_tasks_completed': 1, 'status': 'active', 'hypotheses_generated': 1, 'strategies_used': [], 'last_strategy': 'research_expansion', 'last_hypothesis_id': '73682720-e444-4446-8589-0609513b4fb6'}
2025-11-06 18:40:07,683 - root - INFO - Saved memory to data/jnana.db
2025-11-06 18:40:07,683 - Agent-generation-generation-1 - INFO - Agent state saved for generation-1
2025-11-06 18:40:07,683 - Agent-generation-generation-1 - INFO - Creating dataset for task b75f9ae5-7f68-4507-aebe-62b46fea5895
2025-11-06 18:40:07,699 - root - INFO - Saved memory to data/jnana.db
2025-11-06 18:40:07,700 - Agent-generation-generation-1 - INFO - Dataset created and saved for task b75f9ae5-7f68-4507-aebe-62b46fea5895
2025-11-06 18:40:07,700 - Worker-1 - INFO - 🔥 EXECUTE_TASK RETURNED: <class 'dict'>
2025-11-06 18:40:07,700 - Worker-1 - INFO - Task b75f9ae5-7f68-4507-aebe-62b46fea5895 completed
2025-11-06 18:40:07,700 - SupervisorAgent - INFO - All tasks completed
2025-11-06 18:40:07,701 - jnana.protognosis.utils.jnana_adapter - INFO - Successfully generated and converted 35 hypotheses
2025-11-06 18:40:07,701 - jnana.core.jnana_system - INFO - Successfully generated hypothesis: This hypothesis posits that quantum dot (QD)-conjugated peptides can be designed to enhance both the...
2025-11-06 18:40:07,701 - jnana.core.jnana_system - INFO - We are where we think we are
2025-11-06 18:40:07,702 - academy.exchange.local - INFO - Registered UserId<90590654> in exchange
2025-11-06 18:40:07,702 - academy.manager - INFO - Initialized manager (UserId<90590654>)
2025-11-06 18:40:07,702 - academy.exchange.client - INFO - Registered AgentId<e6e3ab41> in exchange
2025-11-06 18:40:07,703 - academy.manager - INFO - Launched agent (AgentId<e6e3ab41>; <class 'bindcraft.core.agentic.ForwardFoldingAgent'>)
2025-11-06 18:40:07,703 - academy.exchange.client - INFO - Registered AgentId<ec3dea6a> in exchange
2025-11-06 18:40:07,703 - academy.manager - INFO - Launched agent (AgentId<ec3dea6a>; <class 'bindcraft.core.agentic.InverseFoldingAgent'>)
2025-11-06 18:40:07,703 - academy.exchange.client - INFO - Registered AgentId<8cb14180> in exchange
2025-11-06 18:40:07,703 - academy.manager - INFO - Launched agent (AgentId<8cb14180>; <class 'bindcraft.core.agentic.QualityControlAgent'>)
2025-11-06 18:40:07,703 - academy.exchange.client - INFO - Registered AgentId<765179d6> in exchange
2025-11-06 18:40:07,703 - academy.manager - INFO - Launched agent (AgentId<765179d6>; <class 'bindcraft.core.agentic.AnalysisAgent'>)
2025-11-06 18:40:07,704 - academy.runtime - INFO - Running agent (AgentId<e6e3ab41>; Agent<ForwardFoldingAgent>)
2025-11-06 18:40:07,705 - academy.runtime - INFO - Running agent (AgentId<8cb14180>; Agent<QualityControlAgent>)
2025-11-06 18:40:07,705 - academy.runtime - INFO - Running agent (AgentId<ec3dea6a>; Agent<InverseFoldingAgent>)
2025-11-06 18:40:07,706 - academy.runtime - INFO - Running agent (AgentId<765179d6>; Agent<AnalysisAgent>)
2025-11-06 18:40:07,706 - academy.exchange.client - INFO - Closed exchange client for AgentId<e6e3ab41>
2025-11-06 18:40:07,706 - academy.exchange.client - INFO - Closed exchange client for AgentId<8cb14180>
2025-11-06 18:40:07,707 - academy.exchange.client - INFO - Closed exchange client for AgentId<ec3dea6a>
2025-11-06 18:40:07,707 - academy.exchange.client - INFO - Closed exchange client for AgentId<765179d6>
2025-11-06 18:40:07,707 - academy.runtime - INFO - Shutdown agent (AgentId<e6e3ab41>; Agent<ForwardFoldingAgent>)
2025-11-06 18:40:07,707 - academy.runtime - INFO - Shutdown agent (AgentId<8cb14180>; Agent<QualityControlAgent>)
2025-11-06 18:40:07,707 - academy.runtime - INFO - Shutdown agent (AgentId<ec3dea6a>; Agent<InverseFoldingAgent>)
2025-11-06 18:40:07,707 - academy.runtime - INFO - Shutdown agent (AgentId<765179d6>; Agent<AnalysisAgent>)
2025-11-06 18:40:07,708 - academy.exchange.client - INFO - Terminated mailbox for UserId<90590654>
2025-11-06 18:40:07,709 - academy.exchange.client - INFO - Closed exchange client for UserId<90590654>
2025-11-06 18:40:07,709 - academy.manager - INFO - Closed manager (UserId<90590654>)
2025-11-06 18:40:07,709 - root - ERROR - Error running BinderDesignReasoner: name 'nseqs' is not defined
